nohup: ignoring input
pybullet build time: Jan 29 2025 23:17:20
b3Warning[examples/Importers/ImportURDFDemo/BulletUrdfImporter.cpp,1181]:
No default visual for URDF_GEOM_PLANEgroup=0/2000
group=100/2000
group=200/2000
group=300/2000
group=400/2000
group=500/2000
group=600/2000
group=700/2000
group=800/2000
group=900/2000
group=1000/2000
group=1100/2000
group=1200/2000
group=1300/2000
group=1400/2000
group=1500/2000
group=1600/2000
group=1700/2000
group=1800/2000
group=1900/2000
reports/tables/protocol/pybullet_obstacle_intervention/scale_seed0/pybullet_obstacle_intervention_v1_2k_seed0.md
# PyBullet obstacle exact-intervention dataset audit

- output: `outputs/counterfactual/pybullet_obstacles_scale/pybullet_obstacle_intervention_v1_2k_seed0.npz`
- groups: `2000`
- candidates per group: `5`
- samples: `10000`
- chance top-1: `0.200000`
- latent shape: `(16, 19)`
- action dimension: `2`
- image size: `96`
- patch grid: `4`
- horizon: `36`
- velocity: `1.2`
- blocked directions per state: `2`

## Interpretation

Each group is generated by saving one PyBullet simulator state with visible obstacles and restoring it under five alternative actions.
Unlike v0, action effects now depend on the current obstacle configuration.

